#Sample Identifier	Patient Identifier	Oncotree Code	Neoplasm Histologic Grade
#A unique sample identifier.	Identifier to uniquely specify a patient.	Oncotree Code	Numeric value to express the degree of abnormality of cancer cells, a measure of differentiation and aggressiveness.
#STRING	STRING	STRING	STRING
#1	1	1	1
SAMPLE_ID	PATIENT_ID	ONCOTREE_CODE	GRADE
P-DMP-P001-T01-IM5	P-DMP-P001	GBC	
P-DMP-P001-T02-IM6	P-DMP-P001	GBC	
P-DMP-P001-T03-IM6	P-DMP-P001	GBC	
P-DMP-P001-T04-IM6	P-DMP-P001	GBC	
