cancer_study_identifier: test_destination_study_1
stable_id: test_destination_study_1_cna
case_list_name: Tumor Samples with CNA data
case_list_description: All tumors with CNA data (10 samples)
case_list_category: all_cases_with_cna_data
case_list_ids: P-DMP-P001-T03-IM6	P-MSK-0001	P-DMP-P002-T01-IM5	s_C_001055_X003_d	P-DMP-P001-T01-IM5	MSK_LX6	s_C_001055_X002_d	MSK_LX27	P-DMP-P001-T02-IM6	P-DMP-P001-T04-IM6
