#Sample Identifier	Patient Identifier	Oncotree Code	Neoplasm Histologic Grade
#A unique sample identifier.	Identifier to uniquely specify a patient.	Oncotree Code	Numeric value to express the degree of abnormality of cancer cells, a measure of differentiation and aggressiveness.
#STRING	STRING	STRING	STRING
#1	1	1	1
SAMPLE_ID	PATIENT_ID	ONCOTREE_CODE	GRADE
P-0003329-T01-IM5	P-0003329	GBC	
P-0003329-T02-IM6	P-0003329	GBC	
P-0003329-T03-IM6	P-0003329	GBC	
P-0003329-T04-IM6	P-0003329	GBC	
