PATIENT_ID	SEX	ETHNICITY	RACE	SMOKING_HISTORY	CROHN_DISEASE	ULCERATIVE_COLITIS	BARRETTS_ESOPHAGUS	H_PYLORI	MDS_RISK_FACTOR	MENOPAUSE_STATUS	UV_EXPOSURE	RADIATION_THERAPY	BREAST_IMPLANTS	BRCA	RETINOBLASTOMA	GRADE_1	GRADE_2	GRADE_3	PLATINUM_SENSITIVE	PLATINUM_RESISTANT	SMOKING_PACK_YEARS
P-DMP-P001	Female	NON	White	YES																	
P-MSK-0001	Male		Asian/ Far East/ Indian Subcontinent	YES																	2.5
