PATIENT_ID	SAMPLE_ID	PDX_ID	COLLAB_ID	AGE_AT_INITIAL_DIAGNOSIS	PASSAGE_ID	ONCOTREE_CODE	STAGE_CODE	T_STAGE	N_STAGE	M_STAGE	GRADE	SAMPLE_TYPE	PRIMARY_SITE	SAMPLE_CLASS	PROCEDURE_TYPE	PRETREATED	PDX_TREATED	ER_POSITIVE	ER_NEGATIVE	HER2_POSITIVE	HER2_NEGATIVE	HPV_POSITIVE	HPV_NEGATIVE	P16_POSITIVE	P16_NEGATIVE	PR_POSITIVE	PR_NEGATIVE	IDH1_POSITIVE	IDH1_NEGATIVE	IDH2_POSITIVE	IDH2_NEGATIVE	EGFR_POSITIVE	EGFR_NEGATIVE	ALK_POSITIVE	ALK_NEGATIVE	BRCA1_POSITIVE	BRCA1_NEGATIVE	BRCA2_POSITIVE	BRCA2_NEGATIVE	C_MYC_POSITIVE	C_MYC_NEGATIVE	AR_POSITIVE	AR_NEGATIVE	KRAS_POSITIVE	KRAS_NEGATIVE
P-MSK-0001	P-MSK-0001	RUDIC_PLEMESO_X0010aS1	P-MSK-0001	69	P2	PLEMESO	IV	T4	N0	M0	Unavailable	Primary	Lung Pleura	PDX	Surgery	Yes	No																												
P-DMP-P001	s_C_001055_X002_d	DRILA_CHOL_X0001aS2	NTRK_0006b_2	43	P2	CHOL					Unavailable	Metastasis	Lung Pleura	PDX	Core Biopsy	Yes	No																												
P-DMP-P001	s_C_001055_X003_d	DRILA_CHOL_X0001aS3	NTRK_0006cp9	43	P9	CHOL					Unavailable	Metastasis	Lung Pleura	PDX	Core Biopsy	Yes	No																												
P-DMP-P001	P-DMP-P001-T01-IM5					GBC																																							
P-DMP-P001	P-DMP-P001-T02-IM6					GBC																																							
P-DMP-P001	P-DMP-P001-T03-IM6					GBC																																							
P-DMP-P001	P-DMP-P001-T04-IM6					GBC																																							
