#sequenced_samples:  P-DMP-P001-T04-IM6 P-DMP-P001-T03-IM6 P-DMP-P001-T02-IM6 P-DMP-P001-T01-IM5
Hugo_Symbol	Entrez_Gene_Id	Center	NCBI_Build	Chromosome	Start_Position	End_Position	Strand	Variant_Classification	Variant_Type	Reference_Allele	Tumor_Seq_Allele1	Tumor_Seq_Allele2	dbSNP_RS	dbSNP_Val_Status	Tumor_Sample_Barcode	Matched_Norm_Sample_Barcode	Match_Norm_Seq_Allele1	Match_Norm_Seq_Allele2	Tumor_Validation_Allele1	Tumor_Validation_Allele2	Match_Norm_Validation_Allele1	Match_Norm_Validation_Allele2	Verification_Status	Validation_Status	Mutation_Status	Sequencing_Phase	Sequence_Source	Validation_Method	Score	BAM_File	Sequencer	t_ref_count	t_alt_count	n_ref_count	n_alt_count	COMMENTS	AA_MAF	AFR_MAF	ALLELE_NUM	AMR_MAF	ASN_MAF	Allele	Amino_Acid_Change	Amino_acids	BIOTYPE	CANONICAL	CCDS	CDS_position	CLIN_SIG	Codons	Comments	Consequence	DISTANCE	DOMAINS	EAS_MAF	EA_MAF	ENSP	EUR_MAF	EXON	ExAC_AF	ExAC_AF_AFR	ExAC_AF_AMR	ExAC_AF_EAS	ExAC_AF_FIN	ExAC_AF_NFE	ExAC_AF_OTH	ExAC_AF_SAS	Existing_variation	Exon_Number	FILTER	Feature	Feature_type	GENE_PHENO	GMAF	Gene	HGNC_ID	HGVS_OFFSET	HGVSc	HGVSp	HGVSp_Short	HIGH_INF_POS	Hotspot	IMPACT	INTRON	IS_NEW	MA:FIS	MA:FImpact	MA:link.MSA	MA:link.PDB	MA:link.var	MA:protein.change	MINIMISED	MOTIF_NAME	MOTIF_POS	MOTIF_SCORE_CHANGE	PHENO	PICK	PUBMED	PolyPhen	Protein_position	RefSeq	SAS_MAF	SIFT	SOMATIC	SWISSPROT	SYMBOL	SYMBOL_SOURCE	TREMBL	TSL	Transcript	Transcript_ID	UNIPARC	VARIANT_CLASS	all_effects	amino_acid_change	cDNA_Change	cDNA_position	cdna_change	comments	n_depth	t_depth	transcript	exac_filter	REDACTION_SOURCE	Caller
GNAS	0	MSKCC	GRCh37	20	57484597	57484597	+	Missense_Mutation	SNP	G	G	T			P-DMP-P001-T02-IM6									Unknown	SOMATIC				MSK-IMPACT			804	46	437	0															caG/caT		missense_variant																										ENST00000371085.3:c.681G>T	p.Gln227His	p.Q227H		0																		227	NM_000516.4										ENST00000371085														
EPHA5	0	MSKCC	GRCh37	4	66270138	66270138	+	Missense_Mutation	SNP	C	C	T			P-DMP-P001-T02-IM6									Unknown	SOMATIC				MSK-IMPACT			1121	67	630	0															Gga/Aga		missense_variant																										ENST00000273854.3:c.1744G>A	p.Gly582Arg	p.G582R		0																		582	NM_004439.5										ENST00000273854														
ARID1A	0	MSKCC	GRCh37	1	27023858	27023858	+	Missense_Mutation	SNP	G	G	T			P-DMP-P001-T02-IM6									Unknown	SOMATIC				MSK-IMPACT			377	22	230	0															Gac/Tac		missense_variant																										ENST00000324856.7:c.964G>T	p.Asp322Tyr	p.D322Y		0																		322	NM_006015.4										ENST00000324856														
ARID5B	0	MSKCC	GRCh37	10	63852473	63852473	+	Missense_Mutation	SNP	G	G	A			P-DMP-P001-T02-IM6									Unknown	SOMATIC				MSK-IMPACT			863	61	580	0															gGg/gAg		missense_variant																										ENST00000279873.7:c.3251G>A	p.Gly1084Glu	p.G1084E		0																		1084	NM_032199.2										ENST00000279873														
NTRK1	0	MSKCC	GRCh37	1	156846326	156846326	+	Missense_Mutation	SNP	T	T	G			P-DMP-P001-T02-IM6									Unknown	SOMATIC				MSK-IMPACT			1274	58	682	0															ttT/ttG		missense_variant																										ENST00000524377.1:c.1767T>G	p.Phe589Leu	p.F589L		0																		589	NM_002529.3										ENST00000524377														
FBXW7	0	MSKCC	GRCh37	4	153258983	153258983	+	Nonsense_Mutation	SNP	G	G	A			P-DMP-P001-T03-IM6									Unknown	SOMATIC				MSK-IMPACT			294	46	574	0															Cga/Tga		stop_gained																										ENST00000281708.4:c.832C>T	p.Arg278Ter	p.R278*		0			NEWRECORD															278	NM_033632.3										ENST00000281708														
MED12	0	MSKCC	GRCh37	X	70338632	70338632	+	Missense_Mutation	SNP	G	G	A			P-DMP-P001-T03-IM6									Unknown	SOMATIC				MSK-IMPACT			690	108	922	0															Gaa/Aaa		missense_variant																										ENST00000374080.3:c.28G>A	p.Glu10Lys	p.E10K		0			NEWRECORD															10											ENST00000374080														
GNAS	0	MSKCC	GRCh37	20	57484597	57484597	+	Missense_Mutation	SNP	G	G	T			P-DMP-P001-T03-IM6									Unknown	SOMATIC				MSK-IMPACT			497	106	748	0															caG/caT		missense_variant																										ENST00000371085.3:c.681G>T	p.Gln227His	p.Q227H		0			NEWRECORD															227	NM_000516.4										ENST00000371085														
EPHA5	0	MSKCC	GRCh37	4	66270138	66270138	+	Missense_Mutation	SNP	C	C	T			P-DMP-P001-T03-IM6									Unknown	SOMATIC				MSK-IMPACT			528	87	740	1															Gga/Aga		missense_variant																										ENST00000273854.3:c.1744G>A	p.Gly582Arg	p.G582R		0			NEWRECORD															582	NM_004439.5										ENST00000273854														
ARID1A	0	MSKCC	GRCh37	1	27023858	27023858	+	Missense_Mutation	SNP	G	G	T			P-DMP-P001-T03-IM6									Unknown	SOMATIC				MSK-IMPACT			243	60	496	0															Gac/Tac		missense_variant																										ENST00000324856.7:c.964G>T	p.Asp322Tyr	p.D322Y		0			NEWRECORD															322	NM_006015.4										ENST00000324856														
ARID5B	0	MSKCC	GRCh37	10	63852473	63852473	+	Missense_Mutation	SNP	G	G	A			P-DMP-P001-T03-IM6									Unknown	SOMATIC				MSK-IMPACT			580	101	840	1															gGg/gAg		missense_variant																										ENST00000279873.7:c.3251G>A	p.Gly1084Glu	p.G1084E		0			NEWRECORD															1084	NM_032199.2										ENST00000279873														
NTRK1	0	MSKCC	GRCh37	1	156846326	156846326	+	Missense_Mutation	SNP	T	T	G			P-DMP-P001-T03-IM6									Unknown	SOMATIC				MSK-IMPACT			886	150	1239	0															ttT/ttG		missense_variant																										ENST00000524377.1:c.1767T>G	p.Phe589Leu	p.F589L		0			NEWRECORD															589	NM_002529.3										ENST00000524377														
MED12	0	MSKCC	GRCh37	X	70338632	70338632	+	Missense_Mutation	SNP	G	G	A			P-DMP-P001-T01-IM5									Unknown	SOMATIC				MSK-IMPACT			983	65	809	0				NEWRECORD											Gaa/Aaa		missense_variant																										ENST00000374080.3:c.28G>A	p.Glu10Lys	p.E10K		0																		10											ENST00000374080														
PIK3R3	0	MSK-IMPACT410	GRCh37	1	46509533	46509533	+	Nonsense_Mutation	SNP	C	C	A			P-MSK-0001	s_CR_pdx_096_N	C	C							SOMATIC						MSK-IMPACT410	126	143	227	0															Gaa/Taa		stop_gained																										ENST00000262741.5:c.1198G>T	p.Glu400Ter	p.E400*		0																		400	NM_003629.3										ENST00000262741												FALSE		mutect
ERBB2	0	MSK-IMPACT410	GRCh37	17	37871992	37871992	+	Splice_Site	SNP	G	G	C			P-MSK-0001	s_CR_pdx_096_N	G	G							SOMATIC						MSK-IMPACT410	403	41	416	0																	splice_acceptor_variant																										ENST00000269571.5:c.1314-1G>C		p.X438_splice		0																													ENST00000269571												FALSE		mutect
TP53	0	MSK-IMPACT410	GRCh37	17	7578370	7578370	+	Splice_Site	SNP	C	C	A			P-MSK-0001	s_CR_pdx_096_N	C	C							SOMATIC						MSK-IMPACT410	0	305	293	0																	splice_donor_variant																										ENST00000269305.4:c.559+1G>T		p.X187_splice		0																			NM_001126112.2										ENST00000269305												FALSE		mutect
SMO	0	MSK-IMPACT410	GRCh37	7	128829040	128829042	+	In_Frame_Del	DEL	GCT	GCT	-			P-MSK-0001	s_CR_pdx_096_N	GCT	GCT							SOMATIC						MSK-IMPACT410	182	10	52	0															ggGCTg/ggg		inframe_deletion																										ENST00000249373.3:c.67_69delCTG	p.Leu23del	p.L23del		0																		16	NM_005631.4										ENST00000249373												FALSE		mutect
TSC1	0	MSK-IMPACT410	GRCh37	9	135786388	135786388	+	Splice_Site	DEL	C	C	-			P-MSK-0001	s_CR_pdx_096_N	C	C							SOMATIC						MSK-IMPACT410	2	237	395	0																	splice_donor_variant																										ENST00000298552.3:c.1141+1delG		p.X381_splice		0																			NM_001162426.1										ENST00000298552												FALSE		mutect
NTRK1	0	MSK-IMPACT468	GRCh37	1	156846326	156846326	+	Missense_Mutation	SNP	T	T	G			s_C_001055_X003_d	s_C_001055_N001_DZ	T	T							SOMATIC						MSK-IMPACT468	603	557	682	0																																																																																								FALSE		mutect
ARID1A	0	MSK-IMPACT468	GRCh37	1	27023858	27023858	+	Missense_Mutation	SNP	G	G	T			s_C_001055_X003_d	s_C_001055_N001_DZ	G	G							SOMATIC						MSK-IMPACT468	0	285	229	0																																																																																								FALSE		mutect
ARID5B	0	MSK-IMPACT468	GRCh37	10	63852473	63852473	+	Missense_Mutation	SNP	G	G	A			s_C_001055_X003_d	s_C_001055_N001_DZ	G	G							SOMATIC						MSK-IMPACT468	242	311	581	0																																																																																								FALSE		mutect
ZFHX3	0	MSK-IMPACT468	GRCh37	16	72821593	72821594	+	In_Frame_Ins	INS	-	-	GCC			s_C_001055_X003_d	s_C_001055_N001_DZ	-	-							SOMATIC						MSK-IMPACT468	161	18	103	0																																																																																								FALSE		mutect
AKT2	0	MSK-IMPACT468	GRCh37	19	40741029	40741029	+	Missense_Mutation	SNP	A	A	T			s_C_001055_X003_d	s_C_001055_N001_DZ	A	A							SOMATIC						MSK-IMPACT468	1172	67	668	0																																																																																								FALSE		mutect
GNAS	0	MSK-IMPACT468	GRCh37	20	57484597	57484597	+	Missense_Mutation	SNP	G	G	T			s_C_001055_X003_d	s_C_001055_N001_DZ	G	G							SOMATIC						MSK-IMPACT468	218	229	436	0																																																																																								FALSE		mutect
FBXW7	0	MSK-IMPACT468	GRCh37	4	153258983	153258983	+	Nonsense_Mutation	SNP	G	G	A			s_C_001055_X003_d	s_C_001055_N001_DZ	G	G							SOMATIC						MSK-IMPACT468	90	87	461	2																																																																																								FALSE		mutect
EPHA5	0	MSK-IMPACT468	GRCh37	4	66270138	66270138	+	Missense_Mutation	SNP	C	C	T			s_C_001055_X003_d	s_C_001055_N001_DZ	C	C							SOMATIC						MSK-IMPACT468	138	116	630	0																																																																																								FALSE		mutect
MSH3	0	MSK-IMPACT468	GRCh37	5	79950724	79950725	+	In_Frame_Ins	INS	-	-	CCGCAGCGC			s_C_001055_X003_d	s_C_001055_N001_DZ	-	-							SOMATIC						MSK-IMPACT468	385	36	148	0																																																																																								FALSE		mutect
MED12	0	MSK-IMPACT468	GRCh37	X	70338632	70338632	+	Missense_Mutation	SNP	G	G	A			s_C_001055_X003_d	s_C_001055_N001_DZ	G	G							SOMATIC						MSK-IMPACT468	346	342	599	0																																																																																								FALSE		mutect
MTOR	0	MSK-IMPACT468	GRCh37	1	11188946	11188946	+	Missense_Mutation	SNP	C	C	T			s_C_001055_X002_d	s_C_001055_N001_dZ	C	C							SOMATIC						MSK-IMPACT468	169	187	756	0																																																																																								FALSE		mutect
NTRK1	0	MSK-IMPACT468	GRCh37	1	156846326	156846326	+	Missense_Mutation	SNP	T	T	G			s_C_001055_X002_d	s_C_001055_N001_dZ	T	T							SOMATIC						MSK-IMPACT468	385	48	682	0																																																																																								FALSE		mutect
ARID1A	0	MSK-IMPACT468	GRCh37	1	27023858	27023858	+	Missense_Mutation	SNP	G	G	T			s_C_001055_X002_d	s_C_001055_N001_dZ	G	G							SOMATIC						MSK-IMPACT468	157	52	229	0																																																																																								FALSE		mutect
ARID5B	0	MSK-IMPACT468	GRCh37	10	63852473	63852473	+	Missense_Mutation	SNP	G	G	A			s_C_001055_X002_d	s_C_001055_N001_dZ	G	G							SOMATIC						MSK-IMPACT468	198	43	581	0																																																																																								FALSE		mutect
GRIN2A	0	MSK-IMPACT468	GRCh37	16	9858709	9858709	+	Missense_Mutation	SNP	G	G	A			s_C_001055_X002_d	s_C_001055_N001_dZ	G	G							SOMATIC						MSK-IMPACT468	138	48	406	0																																																																																								FALSE		mutect
POLD1	0	MSK-IMPACT468	GRCh37	19	50905328	50905328	+	Missense_Mutation	SNP	G	G	A			s_C_001055_X002_d	s_C_001055_N001_dZ	G	G							SOMATIC						MSK-IMPACT468	705	187	753	0																																																																																								FALSE		mutect
SRC	0	MSK-IMPACT468	GRCh37	20	36024684	36024684	+	Missense_Mutation	SNP	A	A	T			s_C_001055_X002_d	s_C_001055_N001_dZ	A	A							SOMATIC						MSK-IMPACT468	280	139	679	0																																																																																								FALSE		mutect
GNAS	0	MSK-IMPACT468	GRCh37	20	57484597	57484597	+	Missense_Mutation	SNP	G	G	T			s_C_001055_X002_d	s_C_001055_N001_dZ	G	G							SOMATIC						MSK-IMPACT468	72	89	436	0																																																																																								FALSE		mutect
EPHA5	0	MSK-IMPACT468	GRCh37	4	66270138	66270138	+	Missense_Mutation	SNP	C	C	T			s_C_001055_X002_d	s_C_001055_N001_dZ	C	C							SOMATIC						MSK-IMPACT468	177	19	630	0																																																																																								FALSE		mutect
MSH3	0	MSK-IMPACT468	GRCh37	5	79950724	79950725	+	In_Frame_Ins	INS	-	-	CCGCAGCGC			s_C_001055_X002_d	s_C_001055_N001_dZ	-	-							SOMATIC						MSK-IMPACT468	174	37	148	0																																																																																								FALSE		mutect
MDC1	0	MSK-IMPACT468	GRCh37	6	30671229	30671229	+	Missense_Mutation	SNP	C	C	T			s_C_001055_X002_d	s_C_001055_N001_dZ	C	C							SOMATIC						MSK-IMPACT468	162	88	619	2																																																																																								TRUE		mutect
SMO	0	MSK-IMPACT468	GRCh37	7	128850838	128850838	+	Missense_Mutation	SNP	G	G	A			s_C_001055_X002_d	s_C_001055_N001_dZ	G	G							SOMATIC						MSK-IMPACT468	322	33	671	2																																																																																								FALSE		mutect
RECQL4	0	MSK-IMPACT468	GRCh37	8	145741773	145741773	+	Missense_Mutation	SNP	C	C	T			s_C_001055_X002_d	s_C_001055_N001_dZ	C	C							SOMATIC						MSK-IMPACT468	452	124	580	1																																																																																								FALSE		mutect
MED12	0	MSK-IMPACT468	GRCh37	X	70338632	70338632	+	Missense_Mutation	SNP	G	G	A			s_C_001055_X002_d	s_C_001055_N001_dZ	G	G							SOMATIC						MSK-IMPACT468	175	181	599	0																																																																																								FALSE		mutect
