Hugo_Symbol	P-DMP-P001-T01-IM5	P-DMP-P001-T03-IM6	P-DMP-P001-T04-IM6	P-DMP-P001-T02-IM6	P-DMP-P002-T01-IM5	P-MSK-0001	MSK_LX6	MSK_LX27	s_C_001055_X003_d	s_C_001055_X002_d
TAP1	0	0	0	0	0				0	0
ERRFI1	0	0	0	0	0	0			0	0
STK19	0	0	0	0	0				0	0
CRKL	0	0	0	0	0	0	0	0	0	0
STK11	0	0	0	0	0	0	0	0	0	0
MEN1	0	0	0	0	0	0	0	0	0	0
B2M	0	0	0	0	0	0	0	0	0	0
TAP2	0	0	0	0	0				0	0
CRLF2	0	0	0	0	0	0	0	-2	0	0
DUSP22										
SMG1										
CDC73	0	0	0	0	0	0	0	0	0	0
PIK3CA	0	0	0	0	0	0	0	2	0	0
PIK3CB	0	0	0	0	0	0	0	2	0	0
PIK3CD	0	0	0	0	0	0	0	0	0	0
PIK3CG	0	0	0	0	0	0	0	0	0	0
CRBN										
IGF1R	0	0	0	0	0	0	0	0	0	0
NUP93	0	0	0	0	0	0			0	0
TCEB1	0	0	0	0	0	0			0	0
PIK3C2G	0	0	0	0	0	0	0	0	0	0
CSF3R	0	0	0	0	0	0			0	0
PIK3C3	0	0	0	0	0	0	0	-2	0	0
GATA2	0	0	0	0	0	0	0	2	0	0
GATA3	0	0	0	0	0	0	0	0	0	0
GATA1	0	0	0	0	0	0	0	-2	0	0
CCND1	0	0	0	0	0	0	0	0	0	0
MAX	0	0	0	0	0	0	0	0	0	0
CCND3	0	0	0	0	0	0	0	0	0	0
CCND2	0	0	0	0	0	0	0	0	0	0
PTEN	0	0	0	0	0	0	0	0	0	0
LOC652276									0	0
BIVM-ERCC5									0	0
NTHL1	0	0	0	0	0				0	0
CTCF	0	0	0	0	0	0	0	0	0	0
IL7R	0	0	0	0	0	0	0	0	0	0
JAK3	0	0	0	0	0	0	0	0	0	0
CDKN1B	0	0	0	0	0	0	0	0	0	0
CDKN1A	0	0	0	0	0	0	0	0	0	0
RIT1	0	0	0	0	0	0	0	0	0	0
PDS5B										
MLL3	0	0	0	0	0	0	0	0	0	0
MLL2	0	0	0	0	0	0	0	0	0	0
SETBP1										
TRAF7	0	0	0	0	0	0	0	0	0	0
MLL4	0	0	0	0	0				0	0
TYK2										
XPO1	0	0	0	0	0	0	0	0	0	0
CSDE1	0	0	0	0	0				0	0
BACH2										
MST1	0	0	0	0	0	0			0	0
SOX17	0	0	0	0	0	0	0	0	0	0
H3F3C	0	0	0	0	0	0	0	0	0	0
H3F3B	0	0	0	0	0	0			0	0
NF1	0	0	0	0	0	0	0	0	0	0
JAK1	0	0	0	0	0	0	0	0	0	0
GTF2I	0	0	0	0	0				0	0
ESR1	0	0	0	0	0	0	0	0	0	0
FAM123B	0	0	0	0	0					
TMEM127	0	0	0	0	0	0	0	0	0	0
BLM	0	0	0	0	0	0	0	0	0	0
PPARG	0	0	0	0	0				0	0
HIST2H3D	0	0	0	0	0	0			0	0
HIST2H3C	0	0	0	0	0	0			0	0
RPS6KA4	0	0	0	0	0	0	0	0	0	0
TOP1	0	0	0	0	0	0	0	0	0	0
FLJ42627									0	0
AKT3	0	0	0	0	0	0	0	0	0	0
PRDM1	0	0	0	0	0	0	0	0	0	0
ATXN2										
EIF4A2	0	0	0	0	0	0			0	0
DNMT1	0	0	0	0	0	0	0	0	0	0
SESN1	0	0	0	0	0				0	0
SESN2	0	0	0	0	0				-2	-2
SESN3	0	0	0	0	0				0	0
SMAD4	0	0	0	0	0	0	0	-2	0	0
RET	0	0	0	0	0	0	0	0	0	0
SMAD3	0	0	0	0	0	0	0	0	2	0
SMO	0	0	0	0	0	0	0	0	0	0
XIAP	0	0	0	0	0	0	0	0	0	0
REL	0	0	0	0	0	0	0	0	0	0
FH	0	0	0	0	0	0	0	0	0	0
PARK2	0	0	0	0	0	0	0	0	0	0
TSC2	0	0	0	0	0	0	0	0	0	0
TSC1	0	0	0	0	0	0	0	0	0	0
NCOA3	0	0	0	0	0	0			0	0
FGF4	0	0	0	0	0	0	0	0	0	0
CIITA										
SMC3										
RBM10	0	0	0	0	0	0	0	-2	0	0
INHA	0	0	0	0	0	0			0	0
BIRC3	0	0	0	0	0	0			0	0
RXRA	0	0	0	0	0				0	0
LTB										
SH2B3	0	0	0	0	0	0			0	0
YAP1	0	0	0	0	0	0	0	0	0	0
MAP2K1	0	0	0	0	0	0	0	0	2	0
ALK	0	0	0	0	0	0	0	0	0	0
ARID5A										
ARID5B	0	0	0	0	0	0	0	0	0	0
LMO1	0	0	0	0	0	0	0	0	0	0
ERF	0	0	0	0	0				0	0
METTL23										
PBRM1	0	0	0	0	0	0	0	0	0	0
PRKD1	0	0	0	0	0				0	0
CDC42	0	0	0	0	0				0	0
ERBB2	0	0	0	0	0	0	0	0	0	0
FLCN	0	0	0	0	0	0	0	0	0	0
EGFR	0	0	0	0	0	0	0	0	0	0
CTNNB1	0	0	0	0	0	0	0	0	0	0
PLCG2	0	0	0	0	0	0			0	0
PLCG1										
ERG	0	0	0	0	0	0	0	0	0	0
MITF	0	0	0	0	0	0	0	0	0	0
RPTOR	0	0	0	0	0	0	0	0	0	0
MYOD1	0	0	0	0	0	0	0	0	0	0
CDK12	0	0	0	0	0	0	0	0	0	0
KLF4	0	0	0	0	0	0	0	0	0	0
PGR	0	0	0	0	0	0			0	0
ETNK1										
CXCR4	0	0	0	0	0	0			0	0
RYBP	0	0	0	0	0	0	0	0	0	0
ATP6V1B2										
LOC80054									0	0
SOX2OT									0	0
MDC1	0	0	0	0	0	0	0	0	0	0
P2RY8										
SUFU	0	0	0	0	0	0	0	0	0	0
HGF	0	0	0	0	0	0	0	0	0	0
WHSC1L1	0	0	0	0	0				-2	0
HOXB13	0	0	0	0	0	0			0	0
E2F3	0	0	0	0	0	0	0	0	0	0
CALR	0	0	0	0	0	0			0	0
MAP3K13	0	0	0	0	0	0	0	2	0	0
MAP3K14	0	0	0	0	0	2			0	0
BTK	0	0	0	0	0	0	0	0	0	0
SMARCD1	0	0	0	0	0	0	0	0	0	0
RAF1	0	0	0	0	0	0	0	0	0	0
SPRED1	0	0	0	0	0				0	0
FAM58A	0	0	0	0	0				0	0
VTCN1	0	0	0	0	0	0	0	0	0	0
ARAF	0	0	0	0	0	0	0	-2	0	0
INSRR									-2	-2
IKBKE	0	0	0	0	0	0	0	0	0	0
ROS1	0	0	0	0	0	0	0	0	0	0
RARA	0	0	0	0	0	2	0	0	0	0
NR-24						0				
FGFR2	0	0	0	0	0	0	0	0	0	0
FGFR3	0	0	0	0	0	0	0	0	0	0
HNF1A	0	0	0	0	0	0	0	0	0	0
CDH1	0	0	0	0	0	0	0	0	0	0
FGFR1	0	0	0	0	0	0	0	0	-2	-2
CDKN2B	0	0	0	0	0	0	0	0	-2	0
CDKN2C	0	0	0	0	0	0	0	0	0	0
CDKN2A	0	0	0	0	0	0	0	0		
BARD1	0	0	0	0	0	0	0	0	0	0
C3orf72									0	0
CENPA	0	0	0	0	0	0			0	0
FIP1L1									0	0
ARID1B	0	0	0	0	0	-2	0	0	0	0
ARID1A	0	0	0	0	0	0	0	0	-2	-2
CYLD	0	0	0	0	0				0	0
WHSC1	0	0	0	0	0				0	0
APC	0	0	0	0	0	0	0	0	0	0
PAK7	0	0	0	0	0	0	0	0	0	0
PAK1	0	0	0	0	0	0	0	0	0	0
RECQL4	0	0	0	0	0	0	0	0	2	0
FOXP1	0	0	0	0	0	0	0	0	0	0
KMT2B	0	0	0	0	0					
FUBP1	0	0	0	0	0	0	0	0	0	0
NCSTN										
RRAS	0	0	0	0	0				0	0
CYSLTR2	0	0	0	0	0				0	0
MYCN	0	0	0	0	0	0	0	0	0	0
U2AF1	0	0	0	0	0	0	0	0	0	0
MGAM										
CCNE1	0	0	0	0	0	0	0	0	0	0
NCOR1	0	0	0	0	0	0	0	0	0	0
IGF2	0	0	0	0	0	0	0	0	0	0
IGF1	0	0	0	0	0	0	0	0	-2	-2
TCF3	0	0	0	0	0	0			0	0
ARID2	0	0	0	0	0	0	0	0	0	0
DROSHA	0	0	0	0	0				0	0
SMYD3	0	0	0	0	0				0	0
EIF4E	0	0	0	0	0	0			0	0
EPAS1	0	0	0	0	0				0	0
MGA	0	0	0	0	0	-2			0	0
C15orf23									0	0
IRF4	0	0	0	0	0	0	0	0	-2	0
IRF8										
MEF2B	0	0	0	0	0	0	0	0	0	0
NSD1	0	0	0	0	0	0	0	0	0	0
CREBBP	0	0	0	0	0	0	0	0	0	0
HDAC1										
PDGFRB	0	0	0	0	0	0	0	0	0	0
PDGFRA	0	0	0	0	0	0	0	0	0	0
NR-21						0				
HDAC4										
HDAC7										
ATM	0	0	0	0	0	0	0	0	0	0
ZFHX3	0	0	0	0	0	0			0	0
ATR	0	0	0	0	0	0	0	2	0	0
FANCD2										
BRIP1	0	0	0	0	0	0	2	0	0	0
FLT4	0	0	0	0	0	0	0	0	0	0
FLT3	0	0	0	0	0	0	0	0	0	0
FLT1	0	0	0	0	0	0	0	0	0	0
MRE11A	0	0	0	0	0	0	0	0	0	0
SLX4	0	0	0	0	0				0	0
POLD1	0	0	0	0	0	0			2	0
DNAJB1	0	0	0	0	0	0			0	0
CSF1R	0	0	0	0	0	0	0	0	0	0
RPS6KB2	0	0	0	0	0	0	0	0	0	0
FANCC	0	0	0	0	0	0	0	0	0	0
FANCA	0	0	0	0	0	0	0	0	0	0
DOT1L	0	0	0	0	0	0	0	0	0	0
FBXW7	0	0	0	0	0	0	0	0	0	0
TGFBR2	0	0	0	0	0	0	0	0	0	0
TGFBR1	0	0	0	0	0	0	0	0	0	0
SP140										
TET1	0	0	0	0	0	0	0	0	0	0
TET3										
TET2	0	0	0	0	0	0	0	0	0	0
GNB1										
FOXL2	0	0	0	0	0	0	0	2	0	0
BAT-26						0				
IRF1										
EP300	0	0	0	0	0	0	0	0	0	0
KNSTRN	0	0	0	0	0					
LRRFIP2									0	0
IRS1	0	0	0	0	0	0	0	0	0	0
IRS2	0	0	0	0	0	0	0	0	0	0
KEAP1	0	0	0	0	0	0	0	0	0	0
SHOC2	0	0	0	0	0				0	0
CDK4	2	2	0	2	0	0	0	0	2	2
RAD52	0	0	0	0	0	0	0	0	0	0
CDK6	0	0	0	0	0	0	0	0	0	0
RAD50	0	0	0	0	0	0	0	0	0	0
CDK8	0	0	0	0	0	0	0	0	0	0
MSH2	0	0	0	0	0	0	0	0	0	0
MSH3	0	0	0	0	0				0	0
SF3B1	0	0	0	0	0	0	0	0	0	0
ERCC5	0	0	0	0	0	0	0	0	0	0
MSH6	0	0	0	0	0	0	0	0	0	0
EZH1	0	0	0	0	0				0	0
EZH2	0	0	0	0	0	0	0	0	0	0
MCL1	0	0	0	0	0	0	0	0	0	0
SOX2	0	0	0	0	0	0	0	2	0	0
BBC3	0	0	0	0	0	0	0	0	0	0
SMARCA4	0	0	0	0	0	0	0	0	0	0
CEBPA	0	0	0	0	0	0			0	0
ICOSLG	0	0	0	0	0	0	0	0	0	0
AXIN2	0	0	0	0	0	0	0	0	0	0
INPPL1	0	0	0	0	0				0	0
RAD54L	0	0	0	0	0	0	0	0	0	0
FYN	0	0	0	0	0	0			0	0
RB1	0	0	0	0	0	0	0	0	0	0
MDM4	0	0	0	0	0	0	0	0	0	0
MED12	0	0	0	0	0	0	0	0	0	0
AURKA	0	0	0	0	0	0	0	0	0	0
SUZ12	0	0	0	0	0	0	0	0	0	0
PRKCI	0	0	0	0	0				0	0
GREM1	0	0	0	0	0	0	0	0	0	0
RAC2	0	0	0	0	0				0	0
RAC1	0	0	0	0	0	0	0	0	0	0
CDKN2Ap14ARF	0	0	0	0	0				-2	0
CARD11	0	0	0	0	0	0	0	0	0	0
D17S250						0				
MLL	0	0	0	0	0	0	0	0	0	0
HIST1H3B	0	0	0	0	0	0	0	-2	0	0
HIST1H3C	0	0	0	0	0	0			0	0
HIST1H3A	0	0	0	0	0	0			0	0
HIST1H3F	0	0	0	0	0	0			0	0
HIST1H3G	0	0	0	0	0	0			0	0
HIST1H3D	0	0	0	0	0	0			0	0
HIST1H3E	0	0	0	0	0	0			0	0
HIST1H3J	0	0	0	0	0	0			0	0
PDCD1LG2	0	0	0	0	0				-2	0
HIST1H3H	0	0	0	0	0	0			0	0
HIST1H3I	0	0	0	0	0	0			0	0
BAP1	0	0	0	0	0	0	0	0	0	0
NOTCH4	0	0	0	0	0	0	0	0	0	0
NOTCH1	0	0	0	0	0	0	0	0	0	0
NOTCH2	0	0	0	0	0	0	0	0	0	0
NOTCH3	0	0	0	0	0	0	0	0	0	0
FGFR4	0	0	0	0	0	0	0	0	0	0
MTOR	0	0	0	0	0	0	0	0	0	0
PTCH1	0	0	0	0	0	0	0	0	0	0
MET	0	0	0	0	0	0	0	0	0	0
PMAIP1	0	0	0	0	0	0	0	-2	0	0
ACTG1										
FBXO11										
PPP4R2	0	0	0	0	0				0	0
AXL	0	0	0	0	0	0	0	0	0	0
FURIN										
GPS2	0	0	0	0	0	0			0	0
BAT-25						0				
MAP3K1	0	0	0	0	0	0	0	0	0	0
ATP6AP1										
FAM46C	0	0	0	0	0	0	0	0	0	0
INHBA	0	0	0	0	0	0			0	0
JAK2	0	0	0	0	0	0	0	0	-2	0
SETDB1										
SETDB2										
CUL3	0	0	0	0	0	0	0	0	0	0
BRCA1	0	0	0	0	0	0	0	0	0	0
ERBB3	0	0	0	0	0	0	0	0	2	0
BRCA2	0	0	0	0	0	0	0	0	0	0
H3F3A	0	0	0	0	0	0			0	0
ERBB4	0	0	0	0	0	0	0	0	0	0
IDH2	0	0	0	0	0	0	0	0	0	0
IDH1	0	0	0	0	0	0	0	0	0	0
SETD8	0	0	0	0	0				0	0
SH2D2A									0	0
RICTOR	0	0	0	0	0	0	0	0	0	0
NCRNA00253									0	0
BRD4	0	0	0	0	0	0	0	0	0	0
MDM2	2	2	2	2	0	0	0	0	2	2
SETD2	0	0	0	0	0	0	0	0	0	0
SETD5										
SETD4										
SETD7										
SETD6										
SYK	0	0	0	0	0	0	0	0	0	0
PTPN11	0	0	0	0	0	0	0	0	0	0
TCF7L2	0	0	0	0	0	0			0	0
KIT	0	0	0	0	0	0	0	0	0	0
FOXA1	0	0	0	0	0	0	0	0	0	0
RUNX1	0	0	0	0	0	0	-2	0	0	0
CHURC1-FNTB									0	0
HIST3H3	0	0	0	0	0	0			0	0
PNRC1	0	0	0	0	0	0	0	0	0	0
HRAS	0	0	0	0	0	0	0	0	0	0
RRAS2	0	0	0	0	0				0	0
CARM1	0	0	0	0	0				0	0
HIF1A										
TNFRSF14	0	0	0	0	0	0	0	0	0	0
IFNGR1	0	0	0	0	0	0	0	0	0	0
TSHR	0	0	0	0	0	0	0	0	0	0
XRCC2	0	0	0	0	0	0			0	0
TIMM8B									0	0
DAXX	0	0	0	0	0	0	0	0	0	0
SDHAF2	0	0	0	0	0	0	0	0	0	0
PPM1D	0	0	0	0	0	0			0	0
U2AF2										
SRSF2	0	0	0	0	0	0			0	0
EGR1										
JUN	0	0	0	0	0	0	0	0	0	0
D2S123						0				
PPP6C	0	0	0	0	0	0			0	0
NFE2										
BABAM1	0	0	0	0	0				0	0
CHEK2	0	0	0	0	0	0	0	0	0	0
CHEK1	0	0	0	0	0	0	0	0	0	0
CTLA4	0	0	0	0	0	0	0	0	0	0
EPHB1	0	0	0	0	0	0	0	2	0	0
STK40	0	0	0	0	0	0	0	0	0	0
PARP1	0	0	0	0	0	0	0	0	0	0
PAX5	0	0	0	0	0	0	0	0	-2	-2
PTPN2										
PTPN1										
TP53	0	0	0	0	0	0	0	0	0	0
GNAQ	0	0	0	0	0	0	0	0	0	0
CUX1										
DDR2	0	0	0	0	0	0	0	0	0	0
CD274	0	0	0	0	0	0	0	0	-2	0
PALB2	0	0	0	0	0	0	0	0	0	0
CD276	0	0	0	0	0	0	0	0	2	0
SHQ1	0	0	0	0	0	0	0	0	0	0
NFE2L2	0	0	0	0	0	0	0	0	0	0
PHF6										
VEGFA	0	0	0	0	0	0			0	0
LCK										
SH2D1A	0	0	0	0	0	0	0	0	0	0
NTRK1	0	0	0	0	0	0	0	0	0	0
MOB3B										
TBX3	0	0	0	0	0	0	0	0	-2	-2
UPF1	0	0	0	0	0				0	0
NTRK2	0	0	0	0	0	0	0	0	0	0
BCORL1										
CD79B	0	0	0	0	0	0	0	0	0	0
BCR										
CD79A	0	0	0	0	0	0			0	0
STAT6										
STAT3	0	0	0	0	0	0			0	0
CBFB	0	0	0	0	0	0	0	0	0	0
OBSL1									0	0
ALOX12B	0	0	0	0	0	0	0	0	0	0
ERCC2	0	0	0	0	0	0	0	0	0	0
KDR	0	0	0	0	0	0	0	0	0	0
SRC	0	0	0	0	0	0	0	0	0	0
ERCC3	0	0	0	0	0	0	0	0	0	0
ERCC4	0	0	0	0	0	0	0	0	0	0
EIF2C2									2	0
ATRX	0	0	0	0	0	0	0	0	0	0
RAD51D	0	0	0	0	0	0	0	0	0	0
RAD51C	0	0	0	0	0	0	0	0	0	0
RAD51B	0	0	0	0	0	0	0	0	0	0
FAM20A									0	0
TBL1XR1										
SGK1										
LATS2	0	0	0	0	0	0	0	0	0	0
IL10	0	0	0	0	0	0	0	0	0	0
GNAS	0	0	0	0	0	0	0	0	0	0
SOX9	0	0	0	0	0	0	0	0	0	0
RHEB	0	0	0	0	0	0			0	0
PPP2R1A	0	0	0	0	0	0	0	0	2	0
WT1	0	0	0	0	0	0	0	0	0	0
SPEN	0	0	0	0	0	0	0	0	0	0
JARID2										
MAP2K2	0	0	0	0	0	0	0	0	0	0
FOXO1	0	0	0	0	0	0			0	-2
RUNX1T1										
CBL	0	0	0	0	0	0	0	0	0	0
MAP2K4	0	0	0	0	0	0	0	0	0	0
ELF3	0	0	0	0	0				0	0
YES1	0	0	0	0	0	0	0	0	0	0
ANKRD11	0	0	0	0	0	0			0	0
FAS										
MAPKAP1	0	0	0	0	0				0	0
TERT	0	0	0	0	0	0	2	0	0	0
NT5C2										
MALT1	0	0	0	0	0	0			0	0
KMT2C	0	0	0	0	0					
PIGA										
KMT2A	0	0	0	0	0					
SMARCB1	0	0	0	0	0	0	0	0	0	0
KMT2D	0	0	0	0	0					
SPOP	0	0	0	0	0	0	0	0	0	0
MSI2	0	0	0	0	0				0	0
MSI1	0	0	0	0	0				0	0
ZRSR2	0	0	0	0	0	0			0	0
TP53BP1	0	0	0	0	0				0	0
EPCAM	0	0	0	0	0	0	0	0	0	0
ARID3A										
ARID3C										
ARID3B										
SAMHD1										
AXIN1	0	0	0	0	0	0	0	0	0	0
INSR	0	0	0	0	0	0	0	0	0	0
CASP8	0	0	0	0	0	0	0	0	0	0
BCL6	0	0	0	0	0	0	0	2	0	0
BCL2	0	0	0	0	0	0	0	-2	0	0
BCL2L1	0	0	0	0	0	0	0	0	0	0
PLK2	0	0	0	0	0	0	0	0	0	0
SETD1A										
AKT1	0	0	0	0	0	0	0	0	0	0
AKT2	0	0	0	0	0	0	0	0	0	0
SETD1B										
NKX2-1	0	0	0	0	0	0	0	0	0	0
SDCCAG8									0	0
EIF1AX	0	0	0	0	0	0	0	-2	0	0
INPP4B	0	0	0	0	0	0	0	0	0	0
INPP4A	0	0	0	0	0	0	0	0	0	0
NTRK3	0	0	0	0	0	0	0	0	0	0
PTP4A1	0	0	0	0	0				0	0
MYC	0	0	0	0	0	0	0	0	0	0
HIST1H2AL										
MPEG1										
CD28										
DDX3X										
AURKB	0	0	0	0	0	0	0	0	0	0
NUF2	0	0	0	0	0				0	0
NEGR1	0	0	0	0	0	0			0	0
TSPAN1									0	0
SMAD2	0	0	0	0	0	0	0	-2	0	0
PMS1	0	0	0	0	0	0	0	0	0	0
PMS2	0	0	0	0	0	0	0	0	0	0
LYN	0	0	0	0	0				0	0
UBR5										
KRAS	0	0	0	0	0	0	0	0	0	0
SOCS1	0	0	0	0	0	0	0	0	0	0
ROBO1										
MST1R	0	0	0	0	0	0			0	0
POLE	0	0	0	0	0	0	0	0	0	0
GSK3B	0	0	0	0	0	0	0	2	0	0
EGFL7	0	0	0	0	0	0	0	0	0	0
FAT1	0	0	0	0	0	0	0	0	0	0
KDM5A	0	0	0	0	0	0	0	0	0	0
KDM5C	0	0	0	0	0	0	0	0	0	0
SETD3										
HLA-B	0	0	0	0	0				0	0
HLA-A	0	0	0	0	0	0			0	0
NFKBIA	0	0	0	0	0	0			0	0
DNMT3A	0	0	0	0	0	0	0	0	0	0
EP400										
EED	0	0	0	0	0	0	0	0	0	0
ARID4B										
CDKN2BAS									0	0
PREX2	0	0	0	0	0				0	0
ASXL1	0	0	0	0	0	0	0	0	0	0
AMER1	0	0	0	0	0	0	0	0	0	0
ASXL2	0	0	0	0	0	0	0	0	0	0
PIK3R3	0	0	0	0	0	0	0	0	0	0
PIK3R2	0	0	0	0	0	0	0	0	0	0
PIK3R1	0	0	0	0	0	0	0	0	0	0
PCBP1										
PTPRD	0	0	0	0	0	0	0	0	-2	0
MYD88	0	0	0	0	0	0	0	0	0	0
TOP2A									0	0
SMC1A										
STAG2	0	0	0	0	0	0	0	0	0	0
FAM175A	0	0	0	0	0	0	0	0	0	0
STAG1										
RNF43	0	0	0	0	0	0	0	0	0	0
HIST1H2BD	0	0	0	0	0	0	0	-2	0	0
DCUN1D1	0	0	0	0	0	0	0	2	0	0
HIST1H2BG										
RECQL	0	0	0	0	0				0	0
RAD21	0	0	0	0	0	0			0	0
HIST1H2BC										
RHOA	0	0	0	0	0	0	0	0	0	0
HIST1H2BO										
FGF3	0	0	0	0	0	0	0	0	0	0
HIST1H2BJ										
HIST1H2BK										
ETV1	0	0	0	0	0	0	0	0	0	0
PRDM14	0	0	0	0	0				0	0
ETV6	0	0	0	0	0	0	0	0	0	0
VAV1										
MPL	0	0	0	0	0	0	0	0	0	0
VAV2										
TNFAIP3	0	0	0	0	0	0	0	0	0	0
BMPR1A	0	0	0	0	0	0	0	0	0	0
AGO2	0	0	0	0	0					
RFWD2	0	0	0	0	0	0	0	0	0	0
EPHA7	0	0	0	0	0	0			0	0
EPHA5	0	0	0	0	0	0	0	0	0	0
EPHA3	0	0	0	0	0	0	0	0	0	0
POT1										
MUTYH	0	0	0	0	0	0	0	0	0	0
ABL1	0	0	0	0	0	0	0	0	0	0
IKZF1	0	0	0	0	0	0	0	0	0	0
NCOR2										
IKZF3										
TP63	0	0	0	0	0	0	0	2	0	0
TEK	0	0	0	0	0				-2	0
BTG1										
BCL10	0	0	0	0	0	0			0	0
MAPK3	0	0	0	0	0	0			0	0
FGF19	0	0	0	0	0	0	0	0	0	0
MAPK1	0	0	0	0	0	0	0	0	0	0
KDM6A	0	0	0	0	0	0	0	-2	0	0
NBN	0	0	0	0	0	0	0	0	0	0
DUSP4	0	0	0	0	0				0	2
PDCD1	0	0	0	0	0	0	0	0	0	0
PTPRT	0	0	0	0	0	0	0	0	0	0
BCOR	0	0	0	0	0	0	0	-2	0	0
HIST1H1D										
HIST1H1E										
HIST1H1B										
HIST1H1C	0	0	0	0	0	0	0	-2	0	0
DICER1	0	0	0	0	0	0	0	0	0	0
SOS1	0	0	0	0	0				0	0
WWTR1	0	0	0	0	0				0	0
ID3	0	0	0	0	0	0			0	0
STAT5B	0	0	0	0	0	0			0	0
STAT5A	0	0	0	0	0	0			0	0
NKX3-1	0	0	0	0	0	0	0	0	-2	0
CIC	0	0	0	0	0	0	0	0	0	0
MYCL1	0	0	0	0	0	0	0	0	0	0
ACVR1	0	0	0	0	0	0			0	0
CDKN2Ap16INK4A	0	0	0	0	0				-2	0
CD58										
BCL11B										
HIST1H2AM										
VHL	0	0	0	0	0	0	0	0	0	0
LATS1	0	0	0	0	0	0	0	0	0	0
ARID4A										
HIST1H2AG										
HIST1H2AC										
XBP1										
RAB35	0	0	0	0	0	0			0	0
BCL2L11	0	0	0	0	0	0	0	0	0	0
ESCO2										
NRAS	0	0	0	0	0	0	0	0	0	0
MLH1	0	0	0	0	0	0	0	0	0	0
GLI1	0	0	0	0	0	0			2	2
RAD51	0	0	0	0	0	0	0	0	0	0
PHOX2B	0	0	0	0	0	0	0	0	0	0
BRAF	0	0	0	0	0	0	0	0	0	0
DNMT3B	0	0	0	0	0	0	0	0	0	0
NF2	0	0	0	0	0	0	0	0	0	0
TRAF2	0	0	0	0	0	0			0	0
TRAF3										
TRAF5										
RRAGC	0	0	0	0	0				0	0
PIM1	0	0	0	0	0	0	0	0	0	0
TMPRSS2	0	0	0	0	0	0	-2	0	0	0
AR	0	0	0	0	0	0	0	0	0	0
RTEL1	0	0	0	0	0				0	0
NPM1	0	0	0	0	0	0	0	0	0	0
RASA1	0	0	0	0	0	0	0	0	0	0
D5S346						0				
DIS3	0	0	0	0	0	0	0	0	0	0
PTPRS	0	0	0	0	0	0	0	0	0	0
GRIN2A	0	0	0	0	0	0	0	0	0	0
GNA12										
GNA13										
GNA11	0	0	0	0	0	0	0	0	0	0
SDHA	0	0	0	0	0	0	2	0	0	0
PDPK1	0	0	0	0	0					
SDHC	0	0	0	0	0	0	0	0	0	0
SDHB	0	0	0	0	0	0	0	0	0	0
SDHD	0	0	0	0	0	0	0	0	0	0
PRKAR1A	0	0	0	0	0	0	0	0	0	0
