SAMPLE_ID	PATIENT_ID	ONCOTREE_CODE	MSK_SLIDE_ID	PDX_ID	COLLAB_ID	AGE_AT_INITIAL_DIAGNOSIS	PASSAGE_ID	STAGE_CODE	T_STAGE	N_STAGE	M_STAGE	GRADE	SAMPLE_TYPE	PRIMARY_SITE	SAMPLE_CLASS	PROCEDURE_TYPE	PRETREATED	PDX_TREATED	ER_POSITIVE	ER_NEGATIVE	HER2_POSITIVE	HER2_NEGATIVE	HPV_POSITIVE	HPV_NEGATIVE	P16_POSITIVE	P16_NEGATIVE	PR_POSITIVE	PR_NEGATIVE	IDH1_POSITIVE	IDH1_NEGATIVE	IDH2_POSITIVE	IDH2_NEGATIVE	EGFR_POSITIVE	EGFR_NEGATIVE	ALK_POSITIVE	ALK_NEGATIVE	BRCA1_POSITIVE	BRCA1_NEGATIVE	BRCA2_POSITIVE	BRCA2_NEGATIVE	C_MYC_POSITIVE	C_MYC_NEGATIVE	AR_POSITIVE	AR_NEGATIVE	KRAS_POSITIVE	KRAS_NEGATIVE
P-0003329-T01-IM5	P-0003329	GBC																																												
P-0003329-T02-IM6	P-0003329	GBC	553220																																											
P-0003329-T03-IM6	P-0003329	GBC	628961																																											
P-0003329-T04-IM6	P-0003329	GBC	881619																																											
P-0005562-T01-IM5	P-0005562	LUAD																																												
MSK_LX27	MSK_LX27	LUAD		RUDIC_LUAD_X0005aS1	MSK_LX27	62	P3	IVB	T2B	N1	M1	Unavailable	Metastasis	Buttocks	PDX	Core Biopsy	Yes	No		YES																YES										
MSK_LX96	MSK_LX96	PLEMESO		RUDIC_PLEMESO_X0010aS1	MSK_LX96	69	P2	IV	T4	N0	M0	Unavailable	Primary	Lung Pleura	PDX	Surgery	Yes	No																												
s_C_001055_X002_d	P-0003329	CHOL		DRILA_CHOL_X0001aS2	NTRK_0006b_2	43	P2					Unavailable	Metastasis	Lung Pleura	PDX	Core Biopsy	Yes	No																												
MSK_LX229	P-0005562	LUAD		RUDIC_LUAD_X0132aS1	MSK_LX229	66	P1	IV	TX	NX	M1	Unavailable	Metastasis	Chest Wall	PDX	Surgery	Yes	No																												
MSK_LX6	MSK_LX6	SCLC		RUDIC_SCLC_X0003aS1	MSK_LX6	65	P3	IIIA	T2A	N2	M0	Unavailable	Metastasis	Lung Lower Lobe	PDX	Surgery	Yes	No																												
s_C_001055_X003_d	P-0003329	CHOL		DRILA_CHOL_X0001aS3	NTRK_0006cp9	43	P9					Unavailable	Metastasis	Lung Pleura	PDX	Core Biopsy	Yes	No																												
