P-0003329-T04-IM6	s_C_001055_X003_d	MSK_LX96	s_C_001055_X002_d
P-0003329-T03-IM6			
P-0003329-T01-IM5			
P-0005562-T01-IM5			
P-0003329-T02-IM6			
	MSK_LX6		
	MSK_LX229		
	MSK_LX27		
	s_C_001055_X002_d		
	MSK_LX96		
		MSK_LX6	
		MSK_LX27	
			s_C_001055_X003_d
