#Patient Identifier	Sex	Ethnicity Category	Race Category	Smoking History	Crohn's Disease	Ulcerative Colitis	Barretts Esophagus	H-PYLORI	MDS Risk Factor	Menopause Status	UV Exposure	Radiation Therapy	Breast Implants	BRCA Germline Status	Retinoblastoma	Grade 1	Grade 2	Grade 3	Platinum Treatment Sensitivity	Platinum Treatment Resistant
#Identifier to uniquely specify a patient.	Sex	The text for reporting information about ethnicity.	The text for reporting information about race.	Smoking History	Crohn's Disease	Does the patient have Ulcerative Colitis	Barretts esophagus.	H-PYLORI.	MDS risk factor for leukemia	Text term to signify the status of a woman's menopause, the permanent cessation of menses, usually defined by 6 to 12 months of amenorrhea.	UV Exposure	Radiation Therapy.	Breast Implants	BRCA Germline Status	Retinoblastoma	Grade 1	Grade 2	Grade 3	Platinum Sensitivity	Platinum Resistant
#STRING	STRING	STRING	STRING	STRING	STRING	STRING	STRING	STRING	STRING	STRING	STRING	STRING	STRING	STRING	STRING	STRING	STRING	STRING	STRING	STRING
#1	1	1	1	1	1	1	1	1	1	1	1	1	1	1	1	1	1	1	1	1
PATIENT_ID	SEX	ETHNICITY	RACE	SMOKING_HISTORY	CROHN_DISEASE	ULCERATIVE_COLITIS	BARRETTS_ESOPHAGUS	H_PYLORI	MDS_RISK_FACTOR	MENOPAUSE_STATUS	UV_EXPOSURE	RADIATION_THERAPY	BREAST_IMPLANTS	BRCA	RETINOBLASTOMA	GRADE_1	GRADE_2	GRADE_3	PLATINUM_SENSITIVE	PLATINUM_RESISTANT
MSK_LX27	Female		White	YES																
MSK_LX6	Male		White	YES																
P-DMP-P002	Male		White	YES																
P-DMP-P001	Female	NON	White	YES																
P-MSK-0001	Male		Asian/ Far East/ Indian Subcontinent	YES																
