#sequenced_samples:  P-DMP-P001-T03-IM6 P-DMP-P001-T01-IM5 P-DMP-P002-T01-IM5 P-DMP-P001-T02-IM6 P-DMP-P001-T04-IM6
Hugo_Symbol	Entrez_Gene_Id	Center	NCBI_Build	Chromosome	Start_Position	End_Position	Strand	Variant_Classification	Variant_Type	Reference_Allele	Tumor_Seq_Allele1	Tumor_Seq_Allele2	dbSNP_RS	dbSNP_Val_Status	Tumor_Sample_Barcode	Matched_Norm_Sample_Barcode	Match_Norm_Seq_Allele1	Match_Norm_Seq_Allele2	Tumor_Validation_Allele1	Tumor_Validation_Allele2	Match_Norm_Validation_Allele1	Match_Norm_Validation_Allele2	Verification_Status	Validation_Status	Mutation_Status	Sequencing_Phase	Sequence_Source	Validation_Method	Score	BAM_File	Sequencer	t_ref_count	t_alt_count	n_ref_count	n_alt_count	COMMENTS	AA_MAF	AFR_MAF	ALLELE_NUM	AMR_MAF	ASN_MAF	Allele	Amino_Acid_Change	Amino_acids	BIOTYPE	CANONICAL	CCDS	CDS_position	CLIN_SIG	Codons	Comments	Consequence	DISTANCE	DOMAINS	EAS_MAF	EA_MAF	ENSP	EUR_MAF	EXON	ExAC_AF	ExAC_AF_AFR	ExAC_AF_AMR	ExAC_AF_EAS	ExAC_AF_FIN	ExAC_AF_NFE	ExAC_AF_OTH	ExAC_AF_SAS	Existing_variation	Exon_Number	FILTER	Feature	Feature_type	GENE_PHENO	GMAF	Gene	HGNC_ID	HGVS_OFFSET	HGVSc	HGVSp	HGVSp_Short	HIGH_INF_POS	Hotspot	IMPACT	INTRON	IS_NEW	MA:FIS	MA:FImpact	MA:link.MSA	MA:link.PDB	MA:link.var	MA:protein.change	MINIMISED	MOTIF_NAME	MOTIF_POS	MOTIF_SCORE_CHANGE	PHENO	PICK	PUBMED	PolyPhen	Protein_position	RefSeq	SAS_MAF	SIFT	SOMATIC	SWISSPROT	SYMBOL	SYMBOL_SOURCE	TREMBL	TSL	Transcript	Transcript_ID	UNIPARC	VARIANT_CLASS	all_effects	amino_acid_change	cDNA_Change	cDNA_position	cdna_change	comments	n_depth	t_depth	transcript	Caller	REDACTION_SOURCE	exac_filter
GNAS	0	MSKCC	GRCh37	20	57484597	57484597	+	Missense_Mutation	SNP	G	G	T			P-DMP-P001-T02-IM6									Unknown	SOMATIC				MSK-IMPACT			804	46	437	0															caG/caT		missense_variant																										ENST00000371085.3:c.681G>T	p.Gln227His	p.Q227H		0																		227	NM_000516.4										ENST00000371085														
FBXW7	0	MSKCC	GRCh37	4	153258983	153258983	+	Nonsense_Mutation	SNP	G	G	A			P-DMP-P001-T03-IM6									Unknown	SOMATIC				MSK-IMPACT			294	46	574	0															Cga/Tga		stop_gained																										ENST00000281708.4:c.832C>T	p.Arg278Ter	p.R278*		0			NEWRECORD															278	NM_033632.3										ENST00000281708														
ERBB2	0	MSKCC	GRCh37	17	37880981	37880982	+	In_Frame_Ins	INS	-	-	GCATACGTGATG			P-DMP-P002-T01-IM5									Unknown	SOMATIC				MSK-IMPACT			941	374	381	0															-/GCATACGTGATG		inframe_insertion																										ENST00000269571.5:c.2313_2324dupATACGTGATGGC	p.Tyr772_Ala775dup	p.Y772_A775dup		0			NEWRECORD															772											ENST00000269571														
MED12	0	MSKCC	GRCh37	X	70338632	70338632	+	Missense_Mutation	SNP	G	G	A			P-DMP-P001-T01-IM5									Unknown	SOMATIC				MSK-IMPACT			983	65	809	0				NEWRECORD											Gaa/Aaa		missense_variant																										ENST00000374080.3:c.28G>A	p.Glu10Lys	p.E10K		0																		10											ENST00000374080														
NTRK1	0	MSK-IMPACT468	GRCh37	1	156846326	156846326	+	Missense_Mutation	SNP	T	T	G			s_C_001055_X003_d	s_C_001055_N001_DZ	T	T							SOMATIC						MSK-IMPACT468	603	557	682	0																																																																																								mutect		FALSE
ARID1A	0	MSK-IMPACT468	GRCh37	1	27023858	27023858	+	Missense_Mutation	SNP	G	G	T			s_C_001055_X003_d	s_C_001055_N001_DZ	G	G							SOMATIC						MSK-IMPACT468	0	285	229	0																																																																																								mutect		FALSE
ARID1A	0	MSK-IMPACT468	GRCh37	1	27023858	27023858	+	Missense_Mutation	SNP	G	G	T			s_C_001055_X002_d	s_C_001055_N001_dZ	G	G							SOMATIC						MSK-IMPACT468	157	52	229	0																																																																																								mutect		FALSE
POLD1	0	MSK-IMPACT468	GRCh37	19	50905328	50905328	+	Missense_Mutation	SNP	G	G	A			s_C_001055_X002_d	s_C_001055_N001_dZ	G	G							SOMATIC						MSK-IMPACT468	705	187	753	0																																																																																								mutect		FALSE
PIK3R3	0	MSK-IMPACT410	GRCh37	1	46509533	46509533	+	Nonsense_Mutation	SNP	C	C	A			P-MSK-0001	s_CR_pdx_096_N	C	C							SOMATIC						MSK-IMPACT410	126	143	227	0															Gaa/Taa		stop_gained																										ENST00000262741.5:c.1198G>T	p.Glu400Ter	p.E400*		0																		400	NM_003629.3										ENST00000262741												mutect		FALSE
ERBB2	0	MSK-IMPACT410	GRCh37	17	37871992	37871992	+	Splice_Site	SNP	G	G	C			P-MSK-0001	s_CR_pdx_096_N	G	G							SOMATIC						MSK-IMPACT410	403	41	416	0																	splice_acceptor_variant																										ENST00000269571.5:c.1314-1G>C		p.X438_splice		0																													ENST00000269571												mutect		FALSE
TP53	0	MSK-IMPACT410	GRCh37	17	7578370	7578370	+	Splice_Site	SNP	C	C	A			P-MSK-0001	s_CR_pdx_096_N	C	C							SOMATIC						MSK-IMPACT410	0	305	293	0																	splice_donor_variant																										ENST00000269305.4:c.559+1G>T		p.X187_splice		0																			NM_001126112.2										ENST00000269305												mutect		FALSE
SMO	0	MSK-IMPACT410	GRCh37	7	128829040	128829042	+	In_Frame_Del	DEL	GCT	GCT	-			P-MSK-0001	s_CR_pdx_096_N	GCT	GCT							SOMATIC						MSK-IMPACT410	182	10	52	0															ggGCTg/ggg		inframe_deletion																										ENST00000249373.3:c.67_69delCTG	p.Leu23del	p.L23del		0																		16	NM_005631.4										ENST00000249373												mutect		FALSE
TSC1	0	MSK-IMPACT410	GRCh37	9	135786388	135786388	+	Splice_Site	DEL	C	C	-			P-MSK-0001	s_CR_pdx_096_N	C	C							SOMATIC						MSK-IMPACT410	2	237	395	0																	splice_donor_variant																										ENST00000298552.3:c.1141+1delG		p.X381_splice		0																			NM_001162426.1										ENST00000298552												mutect		FALSE
PTEN	0	MSK-IMPACT341	GRCh37	10	89720871	89720885	+	Splice_Site	DEL	TTAAGGTCAGTTAAA	TTAAGGTCAGTTAAA	-			MSK_LX6	s_CR_pdx_006_N	TTAAGGTCAGTTAAA	TTAAGGTCAGTTAAA							SOMATIC						MSK-IMPACT341	1	177	367	0																	splice_donor_variant,coding_sequence_variant,intron_variant																										ENST00000371953.3:c.1026_1026+14del		p.X342_splice		0																		341	NM_000314.4										ENST00000371953												mutect		FALSE
PAK1	0	MSK-IMPACT341	GRCh37	11	77103487	77103487	+	Missense_Mutation	SNP	C	C	A			MSK_LX6	s_CR_pdx_006_N	C	C							SOMATIC						MSK-IMPACT341	1000	487	807	0															Ggc/Tgc		missense_variant																										ENST00000356341.3:c.79G>T	p.Gly27Cys	p.G27C		0																		27	NM_002576.4										ENST00000356341												mutect		FALSE
BRCA2	0	MSK-IMPACT341	GRCh37	13	32893243	32893243	+	Missense_Mutation	SNP	G	G	A			MSK_LX6	s_CR_pdx_006_N	G	G							SOMATIC						MSK-IMPACT341	1	697	656	1															Gaa/Aaa		missense_variant																										ENST00000380152.3:c.97G>A	p.Glu33Lys	p.E33K		0																		33											ENST00000380152												mutect		FALSE
RB1	0	MSK-IMPACT341	GRCh37	13	49030368	49030368	+	Frame_Shift_Del	DEL	A	A	-			MSK_LX6	s_CR_pdx_006_N	A	A							SOMATIC						MSK-IMPACT341	17	603	565	3															Aaa/aa		frameshift_variant																										ENST00000267163.4:c.1848delA	p.Gly617ValfsTer6	p.G617Vfs*6		0																		615	NM_000321.2										ENST00000267163												mutect		FALSE
TSHR	0	MSK-IMPACT341	GRCh37	14	81610221	81610221	+	Missense_Mutation	SNP	A	A	G			MSK_LX6	s_CR_pdx_006_N	A	A							SOMATIC						MSK-IMPACT341	370	772	664	0															Aca/Gca		missense_variant																										ENST00000541158.2:c.1819A>G	p.Thr607Ala	p.T607A		0																		607											ENST00000541158												mutect		FALSE
GRIN2A	0	MSK-IMPACT341	GRCh37	16	10032013	10032013	+	Frame_Shift_Del	DEL	T	T	-			MSK_LX6	s_CR_pdx_006_N	T	T							SOMATIC						MSK-IMPACT341	610	1068	1019	5															aaA/aa		frameshift_variant																										ENST00000330684.3:c.810del	p.Glu271SerfsTer22	p.E271Sfs*22		0																		270	NM_001134407.1										ENST00000330684												mutect		FALSE
TP53	0	MSK-IMPACT341	GRCh37	17	7577541	7577541	+	Missense_Mutation	SNP	T	T	A			MSK_LX6	s_CR_pdx_006_N	T	T							SOMATIC						MSK-IMPACT341	4	1195	566	5															aAc/aTc		missense_variant																										ENST00000269305.4:c.740A>T	p.Asn247Ile	p.N247I		0																		247	NM_001126112.2										ENST00000269305												mutect		FALSE
NOTCH3	0	MSK-IMPACT341	GRCh37	19	15281200	15281200	+	Missense_Mutation	SNP	C	C	A			MSK_LX6	s_CR_pdx_006_N	C	C							SOMATIC						MSK-IMPACT341	2	1083	783	3															Gtg/Ttg		missense_variant																										ENST00000263388.2:c.5056G>T	p.Val1686Leu	p.V1686L		0																		1686	NM_000435.2										ENST00000263388												mutect		FALSE
DNMT3A	0	MSK-IMPACT341	GRCh37	2	25470597	25470597	+	Missense_Mutation	SNP	C	C	A			MSK_LX6	s_CR_pdx_006_N	C	C							SOMATIC						MSK-IMPACT341	517	838	697	4															Ggg/Tgg		missense_variant																										ENST00000264709.3:c.877G>T	p.Gly293Trp	p.G293W		0																		293	NM_175629.2										ENST00000264709												mutect		FALSE
TERT	0	MSK-IMPACT341	GRCh37	5	1293808	1293808	+	Missense_Mutation	SNP	C	C	A			MSK_LX6	s_CR_pdx_006_N	C	C							SOMATIC						MSK-IMPACT341	2285	403	619	0															gGg/gTg		missense_variant																										ENST00000310581.5:c.1193G>T	p.Gly398Val	p.G398V		0																		398	NM_198253.2										ENST00000310581												mutect		FALSE
CDKN2A	0	MSK-IMPACT341	GRCh37	9	21971146	21971146	+	Missense_Mutation	SNP	T	T	C			MSK_LX6	s_CR_pdx_006_N	T	T							SOMATIC						MSK-IMPACT341	486	471	375	1															aAc/aGc		missense_variant																										ENST00000304494.5:c.212A>G	p.Asn71Ser	p.N71S		0																		71	NM_000077.4										ENST00000304494												mutect		FALSE
PTPRD	0	MSK-IMPACT341	GRCh37	9	8528768	8528768	+	Missense_Mutation	SNP	G	G	T			MSK_LX6	s_CR_pdx_006_N	G	G							SOMATIC						MSK-IMPACT341	564	532	574	0															Ccc/Acc		missense_variant																										ENST00000356435.5:c.364C>A	p.Pro122Thr	p.P122T		0																		122											ENST00000356435												mutect		FALSE
MUTYH	0	MSK-IMPACT341	GRCh37	1	45798070	45798070	+	Missense_Mutation	SNP	G	G	T			MSK_LX27	s_CR_pdx_027_N	G	G							SOMATIC						MSK-IMPACT341	861	197	749	2															Cag/Aag		missense_variant																										ENST00000372098.3:c.772C>A	p.Gln258Lys	p.Q258K		0																		258											ENST00000372098												mutect		FALSE
PTPN11	0	MSK-IMPACT341	GRCh37	12	112924277	112924277	+	Splice_Site	SNP	A	A	T			MSK_LX27	s_CR_pdx_027_N	A	A							SOMATIC						MSK-IMPACT341	768	1126	1036	1																	splice_acceptor_variant																										ENST00000351677.2:c.1225-2A>T		p.X409_splice		0																			NM_002834.3										ENST00000351677												mutect		FALSE
KRAS	0	MSK-IMPACT341	GRCh37	12	25398284	25398284	+	Missense_Mutation	SNP	C	C	T			MSK_LX27	s_CR_pdx_027_N	C	C							SOMATIC						MSK-IMPACT341	724	646	864	0															gGt/gAt		missense_variant																										ENST00000256078.4:c.35G>A	p.Gly12Asp	p.G12D		0																		12	NM_033360.2										ENST00000256078												mutect		FALSE
NKX2-1	0	MSK-IMPACT341	GRCh37	14	36986967	36986967	+	Missense_Mutation	SNP	T	T	A			MSK_LX27	s_CR_pdx_027_N	T	T							SOMATIC						MSK-IMPACT341	9	1010	913	1															aAc/aTc		missense_variant																										ENST00000498187.2:c.632A>T	p.Asn211Ile	p.N211I		0																		211	NM_003317.3										ENST00000498187												mutect		FALSE
ERCC4	0	MSK-IMPACT341	GRCh37	16	14041682	14041682	+	Missense_Mutation	SNP	C	C	G			MSK_LX27	s_CR_pdx_027_N	C	C							SOMATIC						MSK-IMPACT341	969	443	1181	0															agC/agG		missense_variant																										ENST00000311895.7:c.2229C>G	p.Ser743Arg	p.S743R		0																		743	NM_005236.2										ENST00000311895												mutect		FALSE
TP53	0	MSK-IMPACT341	GRCh37	17	7576928	7576928	+	Splice_Site	SNP	T	T	C			MSK_LX27	s_CR_pdx_027_N	T	T							SOMATIC						MSK-IMPACT341	14	585	733	1																	splice_acceptor_variant																										ENST00000269305.4:c.920-2A>G		p.X307_splice		0																			NM_001126112.2										ENST00000269305												mutect		FALSE
EPHA3	0	MSK-IMPACT341	GRCh37	3	89528579	89528579	+	Missense_Mutation	SNP	G	G	T			MSK_LX27	s_CR_pdx_027_N	G	G							SOMATIC						MSK-IMPACT341	299	436	656	0															gGg/gTg		missense_variant																										ENST00000336596.2:c.2879G>T	p.Gly960Val	p.G960V		0																		960	NM_005233.5										ENST00000336596												mutect		FALSE
PIK3CG	0	MSK-IMPACT341	GRCh37	7	106526703	106526703	+	Missense_Mutation	SNP	G	G	T			MSK_LX27	s_CR_pdx_027_N	G	G							SOMATIC						MSK-IMPACT341	343	627	755	0															gGa/gTa		missense_variant																										ENST00000359195.3:c.2996G>T	p.Gly999Val	p.G999V		0																		999	NM_002649.2										ENST00000359195												mutect		FALSE
KMT2C	0	MSK-IMPACT341	GRCh37	7	152132759	152132759	+	Missense_Mutation	SNP	C	C	A			MSK_LX27	s_CR_pdx_027_N	C	C							SOMATIC						MSK-IMPACT341	581	329	678	0															gGc/gTc		missense_variant																										ENST00000262189.6:c.113G>T	p.Gly38Val	p.G38V		0																		38	NM_170606.2										ENST00000262189												mutect		FALSE
CDKN2A	0	MSK-IMPACT341	GRCh37	9	21971046	21971059	+	Frame_Shift_Del	DEL	CAGCCGCGCCCCGG	CAGCCGCGCCCCGG	-			MSK_LX27	s_CR_pdx_027_N	CAGCCGCGCCCCGG	CAGCCGCGCCCCGG							SOMATIC						MSK-IMPACT341	60	213	727	0															gCCGGGGCGCGGCTG/g		frameshift_variant																										ENST00000304494.5:c.299_312del	p.Ala100GlyfsTer15	p.A100Gfs*15		0																		100	NM_000077.4										ENST00000304494												mutect		FALSE
