#sequenced_samples: P-DMP-P001-T02-IM6 P-DMP-P001-T03-IM6 P-DMP-P002-T01-IM5 P-DMP-P001-T01-IM5 P-DMP-P001-T04-IM6
Hugo_Symbol	Entrez_Gene_Id	Center	NCBI_Build	Chromosome	Start_Position	End_Position	Strand	Variant_Classification	Variant_Type	Reference_Allele	Tumor_Seq_Allele1	Tumor_Seq_Allele2	dbSNP_RS	dbSNP_Val_Status	Tumor_Sample_Barcode	Matched_Norm_Sample_Barcode	Match_Norm_Seq_Allele1	Match_Norm_Seq_Allele2	Tumor_Validation_Allele1	Tumor_Validation_Allele2	Match_Norm_Validation_Allele1	Match_Norm_Validation_Allele2	Verification_Status	Validation_Status	Mutation_Status	Sequencing_Phase	Sequence_Source	Validation_Method	Score	BAM_File	Sequencer	t_ref_count	t_alt_count	n_ref_count	n_alt_count	COMMENTS	AA_MAF	AFR_MAF	ALLELE_NUM	AMR_MAF	ASN_MAF	Allele	Amino_Acid_Change	Amino_acids	BIOTYPE	CANONICAL	CCDS	CDS_position	CLIN_SIG	Codons	Comments	Consequence	DISTANCE	DOMAINS	EAS_MAF	EA_MAF	ENSP	EUR_MAF	EXON	ExAC_AF	ExAC_AF_AFR	ExAC_AF_AMR	ExAC_AF_EAS	ExAC_AF_FIN	ExAC_AF_NFE	ExAC_AF_OTH	ExAC_AF_SAS	Existing_variation	Exon_Number	FILTER	Feature	Feature_type	GENE_PHENO	GMAF	Gene	HGNC_ID	HGVS_OFFSET	HGVSc	HGVSp	HGVSp_Short	HIGH_INF_POS	Hotspot	IMPACT	INTRON	IS_NEW	MA:FIS	MA:FImpact	MA:link.MSA	MA:link.PDB	MA:link.var	MA:protein.change	MINIMISED	MOTIF_NAME	MOTIF_POS	MOTIF_SCORE_CHANGE	PHENO	PICK	PUBMED	PolyPhen	Protein_position	RefSeq	SAS_MAF	SIFT	SOMATIC	SWISSPROT	SYMBOL	SYMBOL_SOURCE	TREMBL	TSL	Transcript	Transcript_ID	UNIPARC	VARIANT_CLASS	all_effects	amino_acid_change	cDNA_Change	cDNA_position	cdna_change	comments	n_depth	t_depth	transcript
GNAS	0	MSKCC	GRCh37	20	57484597	57484597	+	Missense_Mutation	SNP	G	G	T			P-DMP-P001-T02-IM6									Unknown	SOMATIC				MSK-IMPACT			804	46	437	0															caG/caT		missense_variant																										ENST00000371085.3:c.681G>T	p.Gln227His	p.Q227H		0																		227	NM_000516.4										ENST00000371085											
FBXW7	0	MSKCC	GRCh37	4	153258983	153258983	+	Nonsense_Mutation	SNP	G	G	A			P-DMP-P001-T03-IM6									Unknown	SOMATIC				MSK-IMPACT			294	46	574	0															Cga/Tga		stop_gained																										ENST00000281708.4:c.832C>T	p.Arg278Ter	p.R278*		0			NEWRECORD															278	NM_033632.3										ENST00000281708											
ERBB2	0	MSKCC	GRCh37	17	37880981	37880982	+	In_Frame_Ins	INS	-	-	GCATACGTGATG			P-DMP-P002-T01-IM5									Unknown	SOMATIC				MSK-IMPACT			941	374	381	0															-/GCATACGTGATG		inframe_insertion																										ENST00000269571.5:c.2313_2324dupATACGTGATGGC	p.Tyr772_Ala775dup	p.Y772_A775dup		0			NEWRECORD															772											ENST00000269571											
MED12	0	MSKCC	GRCh37	X	70338632	70338632	+	Missense_Mutation	SNP	G	G	A			P-DMP-P001-T01-IM5									Unknown	SOMATIC				MSK-IMPACT			983	65	809	0				NEWRECORD											Gaa/Aaa		missense_variant																										ENST00000374080.3:c.28G>A	p.Glu10Lys	p.E10K		0																		10											ENST00000374080											
