Hugo_Symbol	P-DMP-P001-T01-IM5	P-DMP-P001-T03-IM6	P-DMP-P001-T04-IM6	P-DMP-P001-T02-IM6	P-DMP-P002-T01-IM5
TAP1	0	0	0	0	0
ERRFI1	0	0	0	0	0
STK19	0	0	0	0	0
CRKL	0	0	0	0	0
STK11	0	0	0	0	0
MEN1	0	0	0	0	0
