SampleId	Annotation	Breakpoint_Type	Comments	Confidence_Class	Conn_Type	Connection_Type	Event_Info	Mapq	Normal_Read_Count	Normal_Variant_Count	Paired_End_Read_Support	Site1_Chrom	Site1_Desc	Site1_Gene	Site1_Pos	Site2_Chrom	Site2_Desc	Site2_Gene	Site2_Pos	Split_Read_Support	Sv_Class_Name	Sv_Desc	Sv_Length	Sv_VariantId	Tumor_Read_Count	Tumor_Variant_Count	Variant_Status_Name	Sv_Status
s_C_001055_X002_d							LMNA-NTRK1							LMNA				NTRK1										
s_C_001055_X002_d							LMNA-NTRK1							NTRK1				LMNA										
