SAMPLE_ID	PATIENT_ID	ONCOTREE_CODE
s_C_001055_X003_d	P-DMP-P001	CHOL
s_C_001055_X002_d	P-DMP-P001	CHOL
