Hugo_Symbol	P-DMP-P001-T01-IM5	P-DMP-P001-T03-IM6	P-DMP-P001-T04-IM6	P-DMP-P001-T02-IM6	P-DMP-P002-T01-IM5	s_C_001055_X003_d	s_C_001055_X002_d	P-MSK-0001	MSK_LX6	MSK_LX27
TAP1	0	0	0	0	0	0	0			
ERRFI1	0	0	0	0	0			0		
STK19	0	0	0	0	0					
CRKL	0	0	0	0	0					
CDKN2Ap16INK4A						-2	0			
IL7R						0	0			
STK11	0	0	0	0	0					
MEN1	0	0	0	0	0					
SDHD					0			0	0	0
LATS2						0	0			
LATS1						0	0			
SH2B3					0			0		
CDKN1B						0	0			
SDHB					0			0	0	0
CDKN1A						0	0			
