#Patient Identifier	Pediatric Case Indicator
#Identifier to uniquely specify a patient.	Indication on whether this case is a pediatric patient or not
#STRING	STRING
#1	1
PATIENT_ID	PED_IND
P-0003329	No
P-0005562	No
