#Patient Identifier
#Identifier to uniquely specify a patient.
#STRING
#1
PATIENT_ID
MSK_LX27
MSK_LX6
MSK_LX96
