#Patient Identifier	Sample Identifier	Oncotree Code
#Identifier to uniquely specify a patient.	A unique sample identifier.	Oncotree Code
#STRING	STRING	STRING
#1	1	1
PATIENT_ID	SAMPLE_ID	ONCOTREE_CODE
MSK_LX27	MSK_LX27	LUAD
MSK_LX6	MSK_LX6	SCLC
MSK_LX96	MSK_LX96	PLMESO
