PATIENT_ID	START_DATE	STOP_DATE	EVENT_TYPE	TREATMENT_TYPE	SUBTYPE	AGENT	DURATION_OF_THERAPY_DAYS	REASON_FOR_TX_DISCONTINUATION	SURGERY_DETAILS	EVENT_TYPE_DETAILED	PROCEDURE_LOCATION	PROCEDURE_LOCATION_SPECIFY	SAMPLE_ID	NOTE
P-MSK-0001	48	99	Treatment	Medical therapy	Systemic therapy	carboplatin+pemetrexed	52	completed regimen						
P-MSK-0001	141		Surgery						no surgery, unresectable tumor					
P-MSK-0001	141		SPECIMEN										P-MSK-0001	Sample days from diagnosis
