SAMPLE_ID	mutations	cna
P-0003329-T01-IM5	IMPACT410	IMPACT410
P-0003329-T03-IM6	IMPACT468	IMPACT468
P-0003329-T04-IM6	IMPACT468	IMPACT468
P-0003329-T02-IM6	IMPACT468	IMPACT468
MSK_LX96	IMPACT410	
s_C_001055_X003_d	IMPACT468	
s_C_001055_X002_d	IMPACT468	
