SAMPLE_ID	PATIENT_ID	COLLAB_ID	SAMPLE_TYPE	GENE_PANEL	ONCOTREE_CODE	SAMPLE_CLASS	SPECIMEN_PRESERVATION_TYPE	SEX	TISSUE_SITE
s_C_001055_X003_d	p_C_001055	NTRK_0006cp9	Metastasis	IMPACT468	CHOL	PDX	Frozen	F	na
s_C_001055_X002_d	p_C_001055	NTRK_0006b_2	Unknown_Tumor	IMPACT468	CHOL	PDX	Frozen	F	na
