SAMPLE_ID	mutations
s_C_001055_X003_d	IMPACT468
s_C_001055_X002_d	IMPACT468
