PATIENT_ID	START_DATE	STOP_DATE	EVENT_TYPE	TREATMENT_TYPE	SUBTYPE	AGENT	DURATION_OF_THERAPY_DAYS	REASON_FOR_TX_DISCONTINUATION	SURGERY_DETAILS	EVENT_TYPE_DETAILED	PROCEDURE_LOCATION	PROCEDURE_LOCATION_SPECIFY	SAMPLE_ID	NOTE
MSK_LX27	29	50	Treatment	Medical therapy	Systemic therapy	cisplatin+pemetrexed	22	progression of disease						
P-MSK-0001	48	99	Treatment	Medical therapy	Systemic therapy	carboplatin+pemetrexed	52	completed regimen						
MSK_LX6	128		Surgery						Lingulectomy, partial anterior segmentectomy of LLL lung, MLND	Anterior segment lower lobe of lingula, upper lobe of lung, resection	Thoracic cavity	lung		
P-MSK-0001	141		Surgery						no surgery, unresectable tumor					
MSK_LX27	92		SPECIMEN										MSK_LX27	Sample days from diagnosis
MSK_LX6	128		SPECIMEN										MSK_LX6	Sample days from diagnosis
P-MSK-0001	141		SPECIMEN										P-MSK-0001	Sample days from diagnosis
