Hugo_Symbol	P-MSK-0001	MSK_LX6	MSK_LX27	P-DMP-P002-T01-IM5
TAP1				0
ERRFI1	0			0
SDHB	0	0	0	0
SDHD	0	0	0	0
SH2B3	0			0
