#Patient Identifier	N Stage	M Stage	Any Pretreatment	Sex	Ethnicity Category	Race Category	Smoking History	Year of Diagnosis	Overall Survival (Months)	Overall Survival Status	Person Cigarette Smoking History Pack Year Value	Overall Survival Days
#Identifier to uniquely specify a patient.	N Stage	M Stage	Pretreated	Text designations that identify gender. Gender is described as the assemblage of properties that distinguish people on the basis of their societal roles. [Explanatory Comment 1: Identification of gender is based upon self-report and may come from a form, questionnaire, interview, etc.]	The text for reporting information about ethnicity (uses NAACCR values).	The text for reporting information about race.	Smoking History	Year of Diagnosis	If alive, the number of months the patient has survived since "time 0", otherwise the number of months the patient survived before death.	The patient's survival status; is the patient alive or deceased.	Numeric computed value to represent lifetime tobacco exposure defined as number of cigarettes smoked per day x number of years smoked divided by 20.	Overall patient survival days
#STRING	STRING	STRING	STRING	STRING	STRING	STRING	STRING	NUMBER	NUMBER	STRING	NUMBER	NUMBER
#1	1	1	1	1	1	1	1	1	1	9	1	1
PATIENT_ID	N_STAGE	M_STAGE	PRETREATED	SEX	ETHNICITY	RACE	SMOKING_HISTORY	YEAR_OF_DIAGNOSIS	OS_MONTHS	OS_STATUS	SMOKING_PACK_YEARS	OS_DAYS
MSK_LX27	N1	M0	No	Female	Non-Spanish; Non-Hispanic	Caucasian	Former	2014	8	DECEASED	58.5	254
MSK_LX6	N0	M0	Yes	Male	Non-Spanish; Non-Hispanic	Caucasian	Never	2013	16	DECEASED	0	483
P-MSK-0001	N0	M0	No	Male	Non-Spanish;Non-Hispanic	asian	Former	2014	7	DECEASED	2.5	209
P-MSK-0002	N0	M0	No	Male	Non-Spanish;Non-Hispanic	asian	Former	2014	7	DECEASED	2.5	209
