s_C_001055_X003_d
MSK_LX6
MSK_LX229
MSK_LX27
s_C_001055_X002_d
MSK_LX96