SAMPLE_ID	mutations	cna
P-DMP-P001-T01-IM5	IMPACT410	IMPACT410
P-DMP-P002-T01-IM5	IMPACT410	IMPACT410
P-DMP-P001-T03-IM6	IMPACT468	IMPACT468
P-DMP-P001-T04-IM6	IMPACT468	IMPACT468
P-DMP-P001-T02-IM6	IMPACT468	IMPACT468
s_C_001055_X003_d	IMPACT468	IMPACT468
s_C_001055_X002_d	IMPACT468	IMPACT468
P-MSK-0001	IMPACT410	IMPACT410
MSK_LX27	IMPACT341	IMPACT341
MSK_LX6	IMPACT341	IMPACT341
